

================================================================
== Vivado HLS Report for 'log_67_17_s'
================================================================
* Date:           Thu Apr 30 20:05:37 2020

* Version:        2019.2 (Build 2698951 on Thu Oct 24 19:15:34 MDT 2019)
* Project:        monte_sim_dev
* Solution:       solution
* Product family: virtexuplus
* Target device:  xcvu9p-flgb2104-2-i


================================================================
== Performance Estimates
================================================================
+ Timing: 
    * Summary: 
    +--------+---------+----------+------------+
    |  Clock |  Target | Estimated| Uncertainty|
    +--------+---------+----------+------------+
    |ap_clk  | 4.00 ns | 2.875 ns |   1.08 ns  |
    +--------+---------+----------+------------+

+ Latency: 
    * Summary: 
    +---------+---------+----------+----------+-----+-----+----------+
    |  Latency (cycles) |  Latency (absolute) |  Interval | Pipeline |
    |   min   |   max   |    min   |    max   | min | max |   Type   |
    +---------+---------+----------+----------+-----+-----+----------+
    |       31|       31| 0.124 us | 0.124 us |    1|    1| function |
    +---------+---------+----------+----------+-----+-----+----------+

    + Detail: 
        * Instance: 
        N/A

        * Loop: 
        N/A



================================================================
== Utilization Estimates
================================================================
* Summary: 
+---------------------+---------+-------+---------+---------+-----+
|         Name        | BRAM_18K| DSP48E|    FF   |   LUT   | URAM|
+---------------------+---------+-------+---------+---------+-----+
|DSP                  |        -|      -|        -|        -|    -|
|Expression           |        -|      2|        0|     2067|    -|
|FIFO                 |        -|      -|        -|        -|    -|
|Instance             |        -|     36|     2360|     1112|    -|
|Memory               |        8|      -|       69|       22|    -|
|Multiplexer          |        -|      -|        -|      643|    -|
|Register             |       14|      -|     4205|      167|    -|
+---------------------+---------+-------+---------+---------+-----+
|Total                |       22|     38|     6634|     4011|    0|
+---------------------+---------+-------+---------+---------+-----+
|Available SLR        |     1440|   2280|   788160|   394080|  320|
+---------------------+---------+-------+---------+---------+-----+
|Utilization SLR (%)  |        1|      1|    ~0   |        1|    0|
+---------------------+---------+-------+---------+---------+-----+
|Available            |     4320|   6840|  2364480|  1182240|  960|
+---------------------+---------+-------+---------+---------+-----+
|Utilization (%)      |    ~0   |   ~0  |    ~0   |    ~0   |    0|
+---------------------+---------+-------+---------+---------+-----+

+ Detail: 
    * Instance: 
    +--------------------------------------+-----------------------------------+---------+-------+-----+-----+-----+
    |               Instance               |               Module              | BRAM_18K| DSP48E|  FF | LUT | URAM|
    +--------------------------------------+-----------------------------------+---------+-------+-----+-----+-----+
    |monte_sim_dev_mul_50ns_6ns_56_4_1_U5  |monte_sim_dev_mul_50ns_6ns_56_4_1  |        0|      9|  339|   86|    0|
    |monte_sim_dev_mul_55ns_6ns_61_4_1_U4  |monte_sim_dev_mul_55ns_6ns_61_4_1  |        0|      9|  419|  170|    0|
    |monte_sim_dev_mul_60ns_6ns_66_4_1_U3  |monte_sim_dev_mul_60ns_6ns_66_4_1  |        0|     10|  279|  109|    0|
    |monte_sim_dev_mul_68ns_4ns_72_5_1_U2  |monte_sim_dev_mul_68ns_4ns_72_5_1  |        0|      0|  441|  249|    0|
    |monte_sim_dev_mul_7s_68ns_73_5_1_U6   |monte_sim_dev_mul_7s_68ns_73_5_1   |        0|      4|  441|  249|    0|
    |monte_sim_dev_mul_81ns_6ns_87_5_1_U1  |monte_sim_dev_mul_81ns_6ns_87_5_1  |        0|      4|  441|  249|    0|
    +--------------------------------------+-----------------------------------+---------+-------+-----+-----+-----+
    |Total                                 |                                   |        0|     36| 2360| 1112|    0|
    +--------------------------------------+-----------------------------------+---------+-------+-----+-----+-----+

    * DSP48E: 
    N/A

    * Memory: 
    +-------------------------------------------------------------+-----------------------------------------------------------------------+---------+----+----+-----+------+-----+------+-------------+
    |                            Memory                           |                                 Module                                | BRAM_18K| FF | LUT| URAM| Words| Bits| Banks| W*Bits*Banks|
    +-------------------------------------------------------------+-----------------------------------------------------------------------+---------+----+----+-----+------+-----+------+-------------+
    |log_apfixed_reduce_log0_lut_table_ap_fixed_0_5_64_array_V_U  |log_67_17_s_log_apfixed_reduce_log0_lut_table_ap_fixed_0_5_64_array_V  |        2|   0|   0|    0|    64|   67|     1|         4288|
    |log_apfixed_reduce_log_inverse_lut_table_array_V_U           |log_67_17_s_log_apfixed_reduce_log_inverse_lut_table_array_V           |        0|   6|   6|    0|    64|    6|     1|          384|
    |log_apfixed_reduce_log_lut_table_ap_fixed_12_6_64_array_V_U  |log_67_17_s_log_apfixed_reduce_log_lut_table_ap_fixed_12_6_64_array_V  |        2|   0|   0|    0|    64|   55|     1|         3520|
    |log_apfixed_reduce_log_lut_table_ap_fixed_17_6_64_array_V_U  |log_67_17_s_log_apfixed_reduce_log_lut_table_ap_fixed_17_6_64_array_V  |        2|   0|   0|    0|    64|   50|     1|         3200|
    |log_apfixed_reduce_log_lut_table_ap_fixed_4_4_16_array_V_U   |log_67_17_s_log_apfixed_reduce_log_lut_table_ap_fixed_4_4_16_array_V   |        0|  63|  16|    0|    16|   63|     1|         1008|
    |log_apfixed_reduce_log_lut_table_ap_fixed_7_6_64_array_V_U   |log_67_17_s_log_apfixed_reduce_log_lut_table_ap_fixed_7_6_64_array_V   |        2|   0|   0|    0|    64|   60|     1|         3840|
    +-------------------------------------------------------------+-----------------------------------------------------------------------+---------+----+----+-----+------+-----+------+-------------+
    |Total                                                        |                                                                       |        8|  69|  22|    0|   336|  301|     6|        16240|
    +-------------------------------------------------------------+-----------------------------------------------------------------------+---------+----+----+-----+------+-----+------+-------------+

    * FIFO: 
    N/A

    * Expression: 
    +---------------------------+----------+-------+---+----+------------+------------+
    |       Variable Name       | Operation| DSP48E| FF| LUT| Bitwidth P0| Bitwidth P1|
    +---------------------------+----------+-------+---+----+------------+------------+
    |r_V_39_fu_4979_p2          |     *    |      2|  0|  42|          24|          24|
    |add_ln703_27_fu_5064_p2    |     +    |      0|  0|  48|          63|          63|
    |add_ln703_28_fu_4731_p2    |     +    |      0|  0|  67|          67|          67|
    |add_ln703_29_fu_5077_p2    |     +    |      0|  0|  74|          74|          74|
    |add_ln703_30_fu_5083_p2    |     +    |      0|  0|  48|          74|          74|
    |add_ln703_fu_5058_p2       |     +    |      0|  0|  48|          63|          63|
    |log_base_V_1_fu_5114_p2    |     +    |      0|  0|  74|          74|          74|
    |log_base_V_fu_5089_p2      |     +    |      0|  0|  48|          74|          74|
    |ret_V_3_fu_4705_p2         |     +    |      0|  0|  69|          69|          69|
    |ret_V_5_fu_4809_p2         |     +    |      0|  0|  74|          74|          74|
    |ret_V_7_fu_4921_p2         |     +    |      0|  0|  48|          79|          79|
    |ret_V_fu_4623_p2           |     +    |      0|  0|  74|          74|          74|
    |ret_V_2_fu_4647_p2         |     -    |      0|  0|  75|          75|          75|
    |ret_V_4_fu_4751_p2         |     -    |      0|  0|  70|          70|          70|
    |ret_V_6_fu_4841_p2         |     -    |      0|  0|  75|          75|          75|
    |ret_V_8_fu_4938_p2         |     -    |      0|  0|  48|          79|          79|
    |ret_V_9_fu_5027_p2         |     -    |      0|  0|  71|          71|          71|
    |and_ln730_100_fu_2913_p2   |    and   |      0|  0|   2|           1|           1|
    |and_ln730_101_fu_2919_p2   |    and   |      0|  0|   2|           1|           1|
    |and_ln730_102_fu_2931_p2   |    and   |      0|  0|   2|           1|           1|
    |and_ln730_103_fu_2963_p2   |    and   |      0|  0|   2|           1|           1|
    |and_ln730_104_fu_2969_p2   |    and   |      0|  0|   2|           1|           1|
    |and_ln730_105_fu_2981_p2   |    and   |      0|  0|   2|           1|           1|
    |and_ln730_106_fu_3013_p2   |    and   |      0|  0|   2|           1|           1|
    |and_ln730_107_fu_3019_p2   |    and   |      0|  0|   2|           1|           1|
    |and_ln730_108_fu_3031_p2   |    and   |      0|  0|   2|           1|           1|
    |and_ln730_109_fu_3063_p2   |    and   |      0|  0|   2|           1|           1|
    |and_ln730_10_fu_1413_p2    |    and   |      0|  0|   2|           1|           1|
    |and_ln730_110_fu_3069_p2   |    and   |      0|  0|   2|           1|           1|
    |and_ln730_111_fu_3081_p2   |    and   |      0|  0|   2|           1|           1|
    |and_ln730_112_fu_3113_p2   |    and   |      0|  0|   2|           1|           1|
    |and_ln730_113_fu_3119_p2   |    and   |      0|  0|   2|           1|           1|
    |and_ln730_114_fu_3131_p2   |    and   |      0|  0|   2|           1|           1|
    |and_ln730_115_fu_3163_p2   |    and   |      0|  0|   2|           1|           1|
    |and_ln730_116_fu_3169_p2   |    and   |      0|  0|   2|           1|           1|
    |and_ln730_117_fu_3181_p2   |    and   |      0|  0|   2|           1|           1|
    |and_ln730_118_fu_3213_p2   |    and   |      0|  0|   2|           1|           1|
    |and_ln730_119_fu_3219_p2   |    and   |      0|  0|   2|           1|           1|
    |and_ln730_11_fu_1419_p2    |    and   |      0|  0|   2|           1|           1|
    |and_ln730_120_fu_3231_p2   |    and   |      0|  0|   2|           1|           1|
    |and_ln730_121_fu_3263_p2   |    and   |      0|  0|   2|           1|           1|
    |and_ln730_122_fu_3269_p2   |    and   |      0|  0|   2|           1|           1|
    |and_ln730_123_fu_3281_p2   |    and   |      0|  0|   2|           1|           1|
    |and_ln730_124_fu_3313_p2   |    and   |      0|  0|   2|           1|           1|
    |and_ln730_125_fu_3319_p2   |    and   |      0|  0|   2|           1|           1|
    |and_ln730_126_fu_3331_p2   |    and   |      0|  0|   2|           1|           1|
    |and_ln730_127_fu_3363_p2   |    and   |      0|  0|   2|           1|           1|
    |and_ln730_128_fu_3369_p2   |    and   |      0|  0|   2|           1|           1|
    |and_ln730_129_fu_3381_p2   |    and   |      0|  0|   2|           1|           1|
    |and_ln730_12_fu_1431_p2    |    and   |      0|  0|   2|           1|           1|
    |and_ln730_130_fu_3413_p2   |    and   |      0|  0|   2|           1|           1|
    |and_ln730_131_fu_3419_p2   |    and   |      0|  0|   2|           1|           1|
    |and_ln730_132_fu_3431_p2   |    and   |      0|  0|   2|           1|           1|
    |and_ln730_133_fu_3463_p2   |    and   |      0|  0|   2|           1|           1|
    |and_ln730_134_fu_3469_p2   |    and   |      0|  0|   2|           1|           1|
    |and_ln730_135_fu_3481_p2   |    and   |      0|  0|   2|           1|           1|
    |and_ln730_136_fu_3513_p2   |    and   |      0|  0|   2|           1|           1|
    |and_ln730_137_fu_3519_p2   |    and   |      0|  0|   2|           1|           1|
    |and_ln730_138_fu_3531_p2   |    and   |      0|  0|   2|           1|           1|
    |and_ln730_139_fu_3563_p2   |    and   |      0|  0|   2|           1|           1|
    |and_ln730_13_fu_1463_p2    |    and   |      0|  0|   2|           1|           1|
    |and_ln730_140_fu_3569_p2   |    and   |      0|  0|   2|           1|           1|
    |and_ln730_141_fu_3581_p2   |    and   |      0|  0|   2|           1|           1|
    |and_ln730_142_fu_3613_p2   |    and   |      0|  0|   2|           1|           1|
    |and_ln730_143_fu_3619_p2   |    and   |      0|  0|   2|           1|           1|
    |and_ln730_144_fu_3631_p2   |    and   |      0|  0|   2|           1|           1|
    |and_ln730_145_fu_3663_p2   |    and   |      0|  0|   2|           1|           1|
    |and_ln730_146_fu_3669_p2   |    and   |      0|  0|   2|           1|           1|
    |and_ln730_147_fu_3681_p2   |    and   |      0|  0|   2|           1|           1|
    |and_ln730_148_fu_3713_p2   |    and   |      0|  0|   2|           1|           1|
    |and_ln730_149_fu_3719_p2   |    and   |      0|  0|   2|           1|           1|
    |and_ln730_14_fu_1469_p2    |    and   |      0|  0|   2|           1|           1|
    |and_ln730_150_fu_3731_p2   |    and   |      0|  0|   2|           1|           1|
    |and_ln730_151_fu_3763_p2   |    and   |      0|  0|   2|           1|           1|
    |and_ln730_152_fu_3769_p2   |    and   |      0|  0|   2|           1|           1|
    |and_ln730_153_fu_3781_p2   |    and   |      0|  0|   2|           1|           1|
    |and_ln730_154_fu_3813_p2   |    and   |      0|  0|   2|           1|           1|
    |and_ln730_155_fu_3819_p2   |    and   |      0|  0|   2|           1|           1|
    |and_ln730_156_fu_3831_p2   |    and   |      0|  0|   2|           1|           1|
    |and_ln730_157_fu_3863_p2   |    and   |      0|  0|   2|           1|           1|
    |and_ln730_158_fu_3869_p2   |    and   |      0|  0|   2|           1|           1|
    |and_ln730_159_fu_3881_p2   |    and   |      0|  0|   2|           1|           1|
    |and_ln730_15_fu_1481_p2    |    and   |      0|  0|   2|           1|           1|
    |and_ln730_160_fu_3913_p2   |    and   |      0|  0|   2|           1|           1|
    |and_ln730_161_fu_3919_p2   |    and   |      0|  0|   2|           1|           1|
    |and_ln730_162_fu_3931_p2   |    and   |      0|  0|   2|           1|           1|
    |and_ln730_163_fu_3963_p2   |    and   |      0|  0|   2|           1|           1|
    |and_ln730_164_fu_3969_p2   |    and   |      0|  0|   2|           1|           1|
    |and_ln730_165_fu_3981_p2   |    and   |      0|  0|   2|           1|           1|
    |and_ln730_166_fu_4013_p2   |    and   |      0|  0|   2|           1|           1|
    |and_ln730_167_fu_4019_p2   |    and   |      0|  0|   2|           1|           1|
    |and_ln730_168_fu_4031_p2   |    and   |      0|  0|   2|           1|           1|
    |and_ln730_169_fu_4063_p2   |    and   |      0|  0|   2|           1|           1|
    |and_ln730_16_fu_1513_p2    |    and   |      0|  0|   2|           1|           1|
    |and_ln730_170_fu_4069_p2   |    and   |      0|  0|   2|           1|           1|
    |and_ln730_171_fu_4081_p2   |    and   |      0|  0|   2|           1|           1|
    |and_ln730_172_fu_4113_p2   |    and   |      0|  0|   2|           1|           1|
    |and_ln730_173_fu_4119_p2   |    and   |      0|  0|   2|           1|           1|
    |and_ln730_174_fu_4131_p2   |    and   |      0|  0|   2|           1|           1|
    |and_ln730_175_fu_4163_p2   |    and   |      0|  0|   2|           1|           1|
    |and_ln730_176_fu_4169_p2   |    and   |      0|  0|   2|           1|           1|
    |and_ln730_177_fu_4181_p2   |    and   |      0|  0|   2|           1|           1|
    |and_ln730_178_fu_4213_p2   |    and   |      0|  0|   2|           1|           1|
    |and_ln730_179_fu_4219_p2   |    and   |      0|  0|   2|           1|           1|
    |and_ln730_17_fu_1519_p2    |    and   |      0|  0|   2|           1|           1|
    |and_ln730_180_fu_4231_p2   |    and   |      0|  0|   2|           1|           1|
    |and_ln730_181_fu_4263_p2   |    and   |      0|  0|   2|           1|           1|
    |and_ln730_182_fu_4269_p2   |    and   |      0|  0|   2|           1|           1|
    |and_ln730_183_fu_4281_p2   |    and   |      0|  0|   2|           1|           1|
    |and_ln730_184_fu_4313_p2   |    and   |      0|  0|   2|           1|           1|
    |and_ln730_185_fu_4319_p2   |    and   |      0|  0|   2|           1|           1|
    |and_ln730_186_fu_4331_p2   |    and   |      0|  0|   2|           1|           1|
    |and_ln730_187_fu_4363_p2   |    and   |      0|  0|   2|           1|           1|
    |and_ln730_188_fu_4369_p2   |    and   |      0|  0|   2|           1|           1|
    |and_ln730_189_fu_4381_p2   |    and   |      0|  0|   2|           1|           1|
    |and_ln730_18_fu_1531_p2    |    and   |      0|  0|   2|           1|           1|
    |and_ln730_190_fu_4409_p2   |    and   |      0|  0|   2|           1|           1|
    |and_ln730_191_fu_4415_p2   |    and   |      0|  0|   2|           1|           1|
    |and_ln730_192_fu_4427_p2   |    and   |      0|  0|   2|           1|           1|
    |and_ln730_193_fu_4457_p2   |    and   |      0|  0|   2|           1|           1|
    |and_ln730_19_fu_1563_p2    |    and   |      0|  0|   2|           1|           1|
    |and_ln730_1_fu_1263_p2     |    and   |      0|  0|   2|           1|           1|
    |and_ln730_20_fu_1569_p2    |    and   |      0|  0|   2|           1|           1|
    |and_ln730_21_fu_1581_p2    |    and   |      0|  0|   2|           1|           1|
    |and_ln730_22_fu_1613_p2    |    and   |      0|  0|   2|           1|           1|
    |and_ln730_23_fu_1619_p2    |    and   |      0|  0|   2|           1|           1|
    |and_ln730_24_fu_1631_p2    |    and   |      0|  0|   2|           1|           1|
    |and_ln730_25_fu_1663_p2    |    and   |      0|  0|   2|           1|           1|
    |and_ln730_26_fu_1669_p2    |    and   |      0|  0|   2|           1|           1|
    |and_ln730_27_fu_1681_p2    |    and   |      0|  0|   2|           1|           1|
    |and_ln730_28_fu_1713_p2    |    and   |      0|  0|   2|           1|           1|
    |and_ln730_29_fu_1719_p2    |    and   |      0|  0|   2|           1|           1|
    |and_ln730_2_fu_1269_p2     |    and   |      0|  0|   2|           1|           1|
    |and_ln730_30_fu_1731_p2    |    and   |      0|  0|   2|           1|           1|
    |and_ln730_31_fu_1763_p2    |    and   |      0|  0|   2|           1|           1|
    |and_ln730_32_fu_1769_p2    |    and   |      0|  0|   2|           1|           1|
    |and_ln730_33_fu_1781_p2    |    and   |      0|  0|   2|           1|           1|
    |and_ln730_34_fu_1813_p2    |    and   |      0|  0|   2|           1|           1|
    |and_ln730_35_fu_1819_p2    |    and   |      0|  0|   2|           1|           1|
    |and_ln730_36_fu_1831_p2    |    and   |      0|  0|   2|           1|           1|
    |and_ln730_37_fu_1863_p2    |    and   |      0|  0|   2|           1|           1|
    |and_ln730_38_fu_1869_p2    |    and   |      0|  0|   2|           1|           1|
    |and_ln730_39_fu_1881_p2    |    and   |      0|  0|   2|           1|           1|
    |and_ln730_3_fu_1281_p2     |    and   |      0|  0|   2|           1|           1|
    |and_ln730_40_fu_1913_p2    |    and   |      0|  0|   2|           1|           1|
    |and_ln730_41_fu_1919_p2    |    and   |      0|  0|   2|           1|           1|
    |and_ln730_42_fu_1931_p2    |    and   |      0|  0|   2|           1|           1|
    |and_ln730_43_fu_1963_p2    |    and   |      0|  0|   2|           1|           1|
    |and_ln730_44_fu_1969_p2    |    and   |      0|  0|   2|           1|           1|
    |and_ln730_45_fu_1981_p2    |    and   |      0|  0|   2|           1|           1|
    |and_ln730_46_fu_2013_p2    |    and   |      0|  0|   2|           1|           1|
    |and_ln730_47_fu_2019_p2    |    and   |      0|  0|   2|           1|           1|
    |and_ln730_48_fu_2031_p2    |    and   |      0|  0|   2|           1|           1|
    |and_ln730_49_fu_2063_p2    |    and   |      0|  0|   2|           1|           1|
    |and_ln730_4_fu_1313_p2     |    and   |      0|  0|   2|           1|           1|
    |and_ln730_50_fu_2069_p2    |    and   |      0|  0|   2|           1|           1|
    |and_ln730_51_fu_2081_p2    |    and   |      0|  0|   2|           1|           1|
    |and_ln730_52_fu_2113_p2    |    and   |      0|  0|   2|           1|           1|
    |and_ln730_53_fu_2119_p2    |    and   |      0|  0|   2|           1|           1|
    |and_ln730_54_fu_2131_p2    |    and   |      0|  0|   2|           1|           1|
    |and_ln730_55_fu_2163_p2    |    and   |      0|  0|   2|           1|           1|
    |and_ln730_56_fu_2169_p2    |    and   |      0|  0|   2|           1|           1|
    |and_ln730_57_fu_2181_p2    |    and   |      0|  0|   2|           1|           1|
    |and_ln730_58_fu_2213_p2    |    and   |      0|  0|   2|           1|           1|
    |and_ln730_59_fu_2219_p2    |    and   |      0|  0|   2|           1|           1|
    |and_ln730_5_fu_1319_p2     |    and   |      0|  0|   2|           1|           1|
    |and_ln730_60_fu_2231_p2    |    and   |      0|  0|   2|           1|           1|
    |and_ln730_61_fu_2263_p2    |    and   |      0|  0|   2|           1|           1|
    |and_ln730_62_fu_2269_p2    |    and   |      0|  0|   2|           1|           1|
    |and_ln730_63_fu_2281_p2    |    and   |      0|  0|   2|           1|           1|
    |and_ln730_64_fu_2313_p2    |    and   |      0|  0|   2|           1|           1|
    |and_ln730_65_fu_2319_p2    |    and   |      0|  0|   2|           1|           1|
    |and_ln730_66_fu_2331_p2    |    and   |      0|  0|   2|           1|           1|
    |and_ln730_67_fu_2363_p2    |    and   |      0|  0|   2|           1|           1|
    |and_ln730_68_fu_2369_p2    |    and   |      0|  0|   2|           1|           1|
    |and_ln730_69_fu_2381_p2    |    and   |      0|  0|   2|           1|           1|
    |and_ln730_6_fu_1331_p2     |    and   |      0|  0|   2|           1|           1|
    |and_ln730_70_fu_2413_p2    |    and   |      0|  0|   2|           1|           1|
    |and_ln730_71_fu_2419_p2    |    and   |      0|  0|   2|           1|           1|
    |and_ln730_72_fu_2431_p2    |    and   |      0|  0|   2|           1|           1|
    |and_ln730_73_fu_2463_p2    |    and   |      0|  0|   2|           1|           1|
    |and_ln730_74_fu_2469_p2    |    and   |      0|  0|   2|           1|           1|
    |and_ln730_75_fu_2481_p2    |    and   |      0|  0|   2|           1|           1|
    |and_ln730_76_fu_2513_p2    |    and   |      0|  0|   2|           1|           1|
    |and_ln730_77_fu_2519_p2    |    and   |      0|  0|   2|           1|           1|
    |and_ln730_78_fu_2531_p2    |    and   |      0|  0|   2|           1|           1|
    |and_ln730_79_fu_2563_p2    |    and   |      0|  0|   2|           1|           1|
    |and_ln730_7_fu_1363_p2     |    and   |      0|  0|   2|           1|           1|
    |and_ln730_80_fu_2569_p2    |    and   |      0|  0|   2|           1|           1|
    |and_ln730_81_fu_2581_p2    |    and   |      0|  0|   2|           1|           1|
    |and_ln730_82_fu_2613_p2    |    and   |      0|  0|   2|           1|           1|
    |and_ln730_83_fu_2619_p2    |    and   |      0|  0|   2|           1|           1|
    |and_ln730_84_fu_2631_p2    |    and   |      0|  0|   2|           1|           1|
    |and_ln730_85_fu_2663_p2    |    and   |      0|  0|   2|           1|           1|
    |and_ln730_86_fu_2669_p2    |    and   |      0|  0|   2|           1|           1|
    |and_ln730_87_fu_2681_p2    |    and   |      0|  0|   2|           1|           1|
    |and_ln730_88_fu_2713_p2    |    and   |      0|  0|   2|           1|           1|
    |and_ln730_89_fu_2719_p2    |    and   |      0|  0|   2|           1|           1|
    |and_ln730_8_fu_1369_p2     |    and   |      0|  0|   2|           1|           1|
    |and_ln730_90_fu_2731_p2    |    and   |      0|  0|   2|           1|           1|
    |and_ln730_91_fu_2763_p2    |    and   |      0|  0|   2|           1|           1|
    |and_ln730_92_fu_2769_p2    |    and   |      0|  0|   2|           1|           1|
    |and_ln730_93_fu_2781_p2    |    and   |      0|  0|   2|           1|           1|
    |and_ln730_94_fu_2813_p2    |    and   |      0|  0|   2|           1|           1|
    |and_ln730_95_fu_2819_p2    |    and   |      0|  0|   2|           1|           1|
    |and_ln730_96_fu_2831_p2    |    and   |      0|  0|   2|           1|           1|
    |and_ln730_97_fu_2863_p2    |    and   |      0|  0|   2|           1|           1|
    |and_ln730_98_fu_2869_p2    |    and   |      0|  0|   2|           1|           1|
    |and_ln730_99_fu_2881_p2    |    and   |      0|  0|   2|           1|           1|
    |and_ln730_9_fu_1381_p2     |    and   |      0|  0|   2|           1|           1|
    |and_ln730_fu_1235_p2       |    and   |      0|  0|   2|           1|           1|
    |ap_block_pp0_stage0_11001  |    and   |      0|  0|   2|           1|           1|
    |ap_condition_1000          |    and   |      0|  0|   2|           1|           1|
    |ap_condition_1003          |    and   |      0|  0|   2|           1|           1|
    |ap_condition_1006          |    and   |      0|  0|   2|           1|           1|
    |ap_condition_1009          |    and   |      0|  0|   2|           1|           1|
    |ap_condition_1012          |    and   |      0|  0|   2|           1|           1|
    |ap_condition_1015          |    and   |      0|  0|   2|           1|           1|
    |ap_condition_1018          |    and   |      0|  0|   2|           1|           1|
    |ap_condition_1021          |    and   |      0|  0|   2|           1|           1|
    |ap_condition_1024          |    and   |      0|  0|   2|           1|           1|
    |ap_condition_1027          |    and   |      0|  0|   2|           1|           1|
    |ap_condition_1030          |    and   |      0|  0|   2|           1|           1|
    |ap_condition_1033          |    and   |      0|  0|   2|           1|           1|
    |ap_condition_1036          |    and   |      0|  0|   2|           1|           1|
    |ap_condition_1039          |    and   |      0|  0|   2|           1|           1|
    |ap_condition_1042          |    and   |      0|  0|   2|           1|           1|
    |ap_condition_1045          |    and   |      0|  0|   2|           1|           1|
    |ap_condition_1048          |    and   |      0|  0|   2|           1|           1|
    |ap_condition_1051          |    and   |      0|  0|   2|           1|           1|
    |ap_condition_1054          |    and   |      0|  0|   2|           1|           1|
    |ap_condition_1057          |    and   |      0|  0|   2|           1|           1|
    |ap_condition_1060          |    and   |      0|  0|   2|           1|           1|
    |ap_condition_1063          |    and   |      0|  0|   2|           1|           1|
    |ap_condition_1066          |    and   |      0|  0|   2|           1|           1|
    |ap_condition_1069          |    and   |      0|  0|   2|           1|           1|
    |ap_condition_1072          |    and   |      0|  0|   2|           1|           1|
    |ap_condition_1075          |    and   |      0|  0|   2|           1|           1|
    |ap_condition_1078          |    and   |      0|  0|   2|           1|           1|
    |ap_condition_1081          |    and   |      0|  0|   2|           1|           1|
    |ap_condition_1084          |    and   |      0|  0|   2|           1|           1|
    |ap_condition_1087          |    and   |      0|  0|   2|           1|           1|
    |ap_condition_1090          |    and   |      0|  0|   2|           1|           1|
    |ap_condition_1093          |    and   |      0|  0|   2|           1|           1|
    |ap_condition_1096          |    and   |      0|  0|   2|           1|           1|
    |ap_condition_1099          |    and   |      0|  0|   2|           1|           1|
    |ap_condition_1102          |    and   |      0|  0|   2|           1|           1|
    |ap_condition_1105          |    and   |      0|  0|   2|           1|           1|
    |ap_condition_1108          |    and   |      0|  0|   2|           1|           1|
    |ap_condition_1111          |    and   |      0|  0|   2|           1|           1|
    |ap_condition_1114          |    and   |      0|  0|   2|           1|           1|
    |ap_condition_1117          |    and   |      0|  0|   2|           1|           1|
    |ap_condition_1120          |    and   |      0|  0|   2|           1|           1|
    |ap_condition_163           |    and   |      0|  0|   2|           1|           1|
    |ap_condition_650           |    and   |      0|  0|   2|           1|           1|
    |ap_condition_928           |    and   |      0|  0|   2|           1|           1|
    |ap_condition_931           |    and   |      0|  0|   2|           1|           1|
    |ap_condition_934           |    and   |      0|  0|   2|           1|           1|
    |ap_condition_937           |    and   |      0|  0|   2|           1|           1|
    |ap_condition_940           |    and   |      0|  0|   2|           1|           1|
    |ap_condition_943           |    and   |      0|  0|   2|           1|           1|
    |ap_condition_946           |    and   |      0|  0|   2|           1|           1|
    |ap_condition_949           |    and   |      0|  0|   2|           1|           1|
    |ap_condition_952           |    and   |      0|  0|   2|           1|           1|
    |ap_condition_955           |    and   |      0|  0|   2|           1|           1|
    |ap_condition_958           |    and   |      0|  0|   2|           1|           1|
    |ap_condition_961           |    and   |      0|  0|   2|           1|           1|
    |ap_condition_964           |    and   |      0|  0|   2|           1|           1|
    |ap_condition_967           |    and   |      0|  0|   2|           1|           1|
    |ap_condition_970           |    and   |      0|  0|   2|           1|           1|
    |ap_condition_973           |    and   |      0|  0|   2|           1|           1|
    |ap_condition_976           |    and   |      0|  0|   2|           1|           1|
    |ap_condition_979           |    and   |      0|  0|   2|           1|           1|
    |ap_condition_982           |    and   |      0|  0|   2|           1|           1|
    |ap_condition_985           |    and   |      0|  0|   2|           1|           1|
    |ap_condition_988           |    and   |      0|  0|   2|           1|           1|
    |ap_condition_991           |    and   |      0|  0|   2|           1|           1|
    |ap_condition_994           |    and   |      0|  0|   2|           1|           1|
    |ap_condition_997           |    and   |      0|  0|   2|           1|           1|
    |ap_ext_blocking_n          |    and   |      0|  0|   2|           2|           2|
    |ap_int_blocking_n          |    and   |      0|  0|   2|           2|           2|
    |ap_str_blocking_n          |    and   |      0|  0|   2|           2|           2|
    |icmp_ln1497_fu_1199_p2     |   icmp   |      0|  0|  50|          67|           1|
    |or_ln730_10_fu_1787_p2     |    or    |      0|  0|   2|           1|           1|
    |or_ln730_11_fu_1837_p2     |    or    |      0|  0|   2|           1|           1|
    |or_ln730_12_fu_1887_p2     |    or    |      0|  0|   2|           1|           1|
    |or_ln730_13_fu_1937_p2     |    or    |      0|  0|   2|           1|           1|
    |or_ln730_14_fu_1987_p2     |    or    |      0|  0|   2|           1|           1|
    |or_ln730_15_fu_2037_p2     |    or    |      0|  0|   2|           1|           1|
    |or_ln730_16_fu_2087_p2     |    or    |      0|  0|   2|           1|           1|
    |or_ln730_17_fu_2137_p2     |    or    |      0|  0|   2|           1|           1|
    |or_ln730_18_fu_2187_p2     |    or    |      0|  0|   2|           1|           1|
    |or_ln730_19_fu_2237_p2     |    or    |      0|  0|   2|           1|           1|
    |or_ln730_1_fu_1337_p2      |    or    |      0|  0|   2|           1|           1|
    |or_ln730_20_fu_2287_p2     |    or    |      0|  0|   2|           1|           1|
    |or_ln730_21_fu_2337_p2     |    or    |      0|  0|   2|           1|           1|
    |or_ln730_22_fu_2387_p2     |    or    |      0|  0|   2|           1|           1|
    |or_ln730_23_fu_2437_p2     |    or    |      0|  0|   2|           1|           1|
    |or_ln730_24_fu_2487_p2     |    or    |      0|  0|   2|           1|           1|
    |or_ln730_25_fu_2537_p2     |    or    |      0|  0|   2|           1|           1|
    |or_ln730_26_fu_2587_p2     |    or    |      0|  0|   2|           1|           1|
    |or_ln730_27_fu_2637_p2     |    or    |      0|  0|   2|           1|           1|
    |or_ln730_28_fu_2687_p2     |    or    |      0|  0|   2|           1|           1|
    |or_ln730_29_fu_2737_p2     |    or    |      0|  0|   2|           1|           1|
    |or_ln730_2_fu_1387_p2      |    or    |      0|  0|   2|           1|           1|
    |or_ln730_30_fu_2787_p2     |    or    |      0|  0|   2|           1|           1|
    |or_ln730_31_fu_2837_p2     |    or    |      0|  0|   2|           1|           1|
    |or_ln730_32_fu_2887_p2     |    or    |      0|  0|   2|           1|           1|
    |or_ln730_33_fu_2937_p2     |    or    |      0|  0|   2|           1|           1|
    |or_ln730_34_fu_2987_p2     |    or    |      0|  0|   2|           1|           1|
    |or_ln730_35_fu_3037_p2     |    or    |      0|  0|   2|           1|           1|
    |or_ln730_36_fu_3087_p2     |    or    |      0|  0|   2|           1|           1|
    |or_ln730_37_fu_3137_p2     |    or    |      0|  0|   2|           1|           1|
    |or_ln730_38_fu_3187_p2     |    or    |      0|  0|   2|           1|           1|
    |or_ln730_39_fu_3237_p2     |    or    |      0|  0|   2|           1|           1|
    |or_ln730_3_fu_1437_p2      |    or    |      0|  0|   2|           1|           1|
    |or_ln730_40_fu_3287_p2     |    or    |      0|  0|   2|           1|           1|
    |or_ln730_41_fu_3337_p2     |    or    |      0|  0|   2|           1|           1|
    |or_ln730_42_fu_3387_p2     |    or    |      0|  0|   2|           1|           1|
    |or_ln730_43_fu_3437_p2     |    or    |      0|  0|   2|           1|           1|
    |or_ln730_44_fu_3487_p2     |    or    |      0|  0|   2|           1|           1|
    |or_ln730_45_fu_3537_p2     |    or    |      0|  0|   2|           1|           1|
    |or_ln730_46_fu_3587_p2     |    or    |      0|  0|   2|           1|           1|
    |or_ln730_47_fu_3637_p2     |    or    |      0|  0|   2|           1|           1|
    |or_ln730_48_fu_3687_p2     |    or    |      0|  0|   2|           1|           1|
    |or_ln730_49_fu_3737_p2     |    or    |      0|  0|   2|           1|           1|
    |or_ln730_4_fu_1487_p2      |    or    |      0|  0|   2|           1|           1|
    |or_ln730_50_fu_3787_p2     |    or    |      0|  0|   2|           1|           1|
    |or_ln730_51_fu_3837_p2     |    or    |      0|  0|   2|           1|           1|
    |or_ln730_52_fu_3887_p2     |    or    |      0|  0|   2|           1|           1|
    |or_ln730_53_fu_3937_p2     |    or    |      0|  0|   2|           1|           1|
    |or_ln730_54_fu_3987_p2     |    or    |      0|  0|   2|           1|           1|
    |or_ln730_55_fu_4037_p2     |    or    |      0|  0|   2|           1|           1|
    |or_ln730_56_fu_4087_p2     |    or    |      0|  0|   2|           1|           1|
    |or_ln730_57_fu_4137_p2     |    or    |      0|  0|   2|           1|           1|
    |or_ln730_58_fu_4187_p2     |    or    |      0|  0|   2|           1|           1|
    |or_ln730_59_fu_4237_p2     |    or    |      0|  0|   2|           1|           1|
    |or_ln730_5_fu_1537_p2      |    or    |      0|  0|   2|           1|           1|
    |or_ln730_60_fu_4287_p2     |    or    |      0|  0|   2|           1|           1|
    |or_ln730_61_fu_4337_p2     |    or    |      0|  0|   2|           1|           1|
    |or_ln730_62_fu_4387_p2     |    or    |      0|  0|   2|           1|           1|
    |or_ln730_63_fu_4433_p2     |    or    |      0|  0|   2|           1|           1|
    |or_ln730_6_fu_1587_p2      |    or    |      0|  0|   2|           1|           1|
    |or_ln730_7_fu_1637_p2      |    or    |      0|  0|   2|           1|           1|
    |or_ln730_8_fu_1687_p2      |    or    |      0|  0|   2|           1|           1|
    |or_ln730_9_fu_1737_p2      |    or    |      0|  0|   2|           1|           1|
    |or_ln730_fu_1287_p2        |    or    |      0|  0|   2|           1|           1|
    |eZ_V_fu_4590_p3            |  select  |      0|  0|  75|           1|          73|
    |select_ln730_1_fu_4479_p3  |  select  |      0|  0|  90|           1|          81|
    |select_ln730_fu_4463_p3    |  select  |      0|  0|   7|           1|           7|
    |ap_enable_pp0              |    xor   |      0|  0|   2|           1|           2|
    |xor_ln730_10_fu_1725_p2    |    xor   |      0|  0|   2|           1|           2|
    |xor_ln730_11_fu_1775_p2    |    xor   |      0|  0|   2|           1|           2|
    |xor_ln730_12_fu_1825_p2    |    xor   |      0|  0|   2|           1|           2|
    |xor_ln730_13_fu_1875_p2    |    xor   |      0|  0|   2|           1|           2|
    |xor_ln730_14_fu_1925_p2    |    xor   |      0|  0|   2|           1|           2|
    |xor_ln730_15_fu_1975_p2    |    xor   |      0|  0|   2|           1|           2|
    |xor_ln730_16_fu_2025_p2    |    xor   |      0|  0|   2|           1|           2|
    |xor_ln730_17_fu_2075_p2    |    xor   |      0|  0|   2|           1|           2|
    |xor_ln730_18_fu_2125_p2    |    xor   |      0|  0|   2|           1|           2|
    |xor_ln730_19_fu_2175_p2    |    xor   |      0|  0|   2|           1|           2|
    |xor_ln730_1_fu_1275_p2     |    xor   |      0|  0|   2|           1|           2|
    |xor_ln730_20_fu_2225_p2    |    xor   |      0|  0|   2|           1|           2|
    |xor_ln730_21_fu_2275_p2    |    xor   |      0|  0|   2|           1|           2|
    |xor_ln730_22_fu_2325_p2    |    xor   |      0|  0|   2|           1|           2|
    |xor_ln730_23_fu_2375_p2    |    xor   |      0|  0|   2|           1|           2|
    |xor_ln730_24_fu_2425_p2    |    xor   |      0|  0|   2|           1|           2|
    |xor_ln730_25_fu_2475_p2    |    xor   |      0|  0|   2|           1|           2|
    |xor_ln730_26_fu_2525_p2    |    xor   |      0|  0|   2|           1|           2|
    |xor_ln730_27_fu_2575_p2    |    xor   |      0|  0|   2|           1|           2|
    |xor_ln730_28_fu_2625_p2    |    xor   |      0|  0|   2|           1|           2|
    |xor_ln730_29_fu_2675_p2    |    xor   |      0|  0|   2|           1|           2|
    |xor_ln730_2_fu_1325_p2     |    xor   |      0|  0|   2|           1|           2|
    |xor_ln730_30_fu_2725_p2    |    xor   |      0|  0|   2|           1|           2|
    |xor_ln730_31_fu_2775_p2    |    xor   |      0|  0|   2|           1|           2|
    |xor_ln730_32_fu_2825_p2    |    xor   |      0|  0|   2|           1|           2|
    |xor_ln730_33_fu_2875_p2    |    xor   |      0|  0|   2|           1|           2|
    |xor_ln730_34_fu_2925_p2    |    xor   |      0|  0|   2|           1|           2|
    |xor_ln730_35_fu_2975_p2    |    xor   |      0|  0|   2|           1|           2|
    |xor_ln730_36_fu_3025_p2    |    xor   |      0|  0|   2|           1|           2|
    |xor_ln730_37_fu_3075_p2    |    xor   |      0|  0|   2|           1|           2|
    |xor_ln730_38_fu_3125_p2    |    xor   |      0|  0|   2|           1|           2|
    |xor_ln730_39_fu_3175_p2    |    xor   |      0|  0|   2|           1|           2|
    |xor_ln730_3_fu_1375_p2     |    xor   |      0|  0|   2|           1|           2|
    |xor_ln730_40_fu_3225_p2    |    xor   |      0|  0|   2|           1|           2|
    |xor_ln730_41_fu_3275_p2    |    xor   |      0|  0|   2|           1|           2|
    |xor_ln730_42_fu_3325_p2    |    xor   |      0|  0|   2|           1|           2|
    |xor_ln730_43_fu_3375_p2    |    xor   |      0|  0|   2|           1|           2|
    |xor_ln730_44_fu_3425_p2    |    xor   |      0|  0|   2|           1|           2|
    |xor_ln730_45_fu_3475_p2    |    xor   |      0|  0|   2|           1|           2|
    |xor_ln730_46_fu_3525_p2    |    xor   |      0|  0|   2|           1|           2|
    |xor_ln730_47_fu_3575_p2    |    xor   |      0|  0|   2|           1|           2|
    |xor_ln730_48_fu_3625_p2    |    xor   |      0|  0|   2|           1|           2|
    |xor_ln730_49_fu_3675_p2    |    xor   |      0|  0|   2|           1|           2|
    |xor_ln730_4_fu_1425_p2     |    xor   |      0|  0|   2|           1|           2|
    |xor_ln730_50_fu_3725_p2    |    xor   |      0|  0|   2|           1|           2|
    |xor_ln730_51_fu_3775_p2    |    xor   |      0|  0|   2|           1|           2|
    |xor_ln730_52_fu_3825_p2    |    xor   |      0|  0|   2|           1|           2|
    |xor_ln730_53_fu_3875_p2    |    xor   |      0|  0|   2|           1|           2|
    |xor_ln730_54_fu_3925_p2    |    xor   |      0|  0|   2|           1|           2|
    |xor_ln730_55_fu_3975_p2    |    xor   |      0|  0|   2|           1|           2|
    |xor_ln730_56_fu_4025_p2    |    xor   |      0|  0|   2|           1|           2|
    |xor_ln730_57_fu_4075_p2    |    xor   |      0|  0|   2|           1|           2|
    |xor_ln730_58_fu_4125_p2    |    xor   |      0|  0|   2|           1|           2|
    |xor_ln730_59_fu_4175_p2    |    xor   |      0|  0|   2|           1|           2|
    |xor_ln730_5_fu_1475_p2     |    xor   |      0|  0|   2|           1|           2|
    |xor_ln730_60_fu_4225_p2    |    xor   |      0|  0|   2|           1|           2|
    |xor_ln730_61_fu_4275_p2    |    xor   |      0|  0|   2|           1|           2|
    |xor_ln730_62_fu_4325_p2    |    xor   |      0|  0|   2|           1|           2|
    |xor_ln730_63_fu_4375_p2    |    xor   |      0|  0|   2|           1|           2|
    |xor_ln730_64_fu_4421_p2    |    xor   |      0|  0|   2|           1|           2|
    |xor_ln730_65_fu_4451_p2    |    xor   |      0|  0|   2|           1|           2|
    |xor_ln730_6_fu_1525_p2     |    xor   |      0|  0|   2|           1|           2|
    |xor_ln730_7_fu_1575_p2     |    xor   |      0|  0|   2|           1|           2|
    |xor_ln730_8_fu_1625_p2     |    xor   |      0|  0|   2|           1|           2|
    |xor_ln730_9_fu_1675_p2     |    xor   |      0|  0|   2|           1|           2|
    |xor_ln730_fu_1241_p2       |    xor   |      0|  0|   2|           1|           2|
    +---------------------------+----------+-------+---+----+------------+------------+
    |Total                      |          |      2|  0|2067|        1648|        1807|
    +---------------------------+----------+-------+---+----+------------+------------+

    * Multiplexer: 
    +----------------------------------------------+-----+-----------+-----+-----------+
    |                     Name                     | LUT | Input Size| Bits| Total Bits|
    +----------------------------------------------+-----+-----------+-----+-----------+
    |ap_phi_mux_agg_result_V_0_phi_fu_1192_p4      |    9|          2|   67|        134|
    |ap_phi_mux_index0_V_phi_fu_911_p4             |   15|          3|    6|         18|
    |ap_phi_reg_pp0_iter1_agg_result_V_0_reg_1188  |    9|          2|   67|        134|
    |ap_phi_reg_pp0_iter1_p_Val2_98_lcssa_reg_768  |  305|         68|   81|       5508|
    |ap_phi_reg_pp0_iter1_t_V_lcssa_reg_917        |  305|         68|    7|        476|
    +----------------------------------------------+-----+-----------+-----+-----------+
    |Total                                         |  643|        143|  228|       6270|
    +----------------------------------------------+-----+-----------+-----+-----------+

    * Register: 
    +-----------------------------------------------+----+----+-----+-----------+
    |                      Name                     | FF | LUT| Bits| Const Bits|
    +-----------------------------------------------+----+----+-----+-----------+
    |a_V_1_reg_5749                                 |   6|   0|    6|          0|
    |a_V_2_reg_5801                                 |   6|   0|    6|          0|
    |a_V_3_reg_5838                                 |   6|   0|    6|          0|
    |a_V_reg_5717                                   |   4|   0|    4|          0|
    |add_ln703_28_reg_5785                          |  67|   0|   67|          0|
    |ap_CS_fsm                                      |   1|   0|    1|          0|
    |ap_enable_reg_pp0_iter1                        |   1|   0|    1|          0|
    |ap_enable_reg_pp0_iter10                       |   1|   0|    1|          0|
    |ap_enable_reg_pp0_iter11                       |   1|   0|    1|          0|
    |ap_enable_reg_pp0_iter12                       |   1|   0|    1|          0|
    |ap_enable_reg_pp0_iter13                       |   1|   0|    1|          0|
    |ap_enable_reg_pp0_iter14                       |   1|   0|    1|          0|
    |ap_enable_reg_pp0_iter15                       |   1|   0|    1|          0|
    |ap_enable_reg_pp0_iter16                       |   1|   0|    1|          0|
    |ap_enable_reg_pp0_iter17                       |   1|   0|    1|          0|
    |ap_enable_reg_pp0_iter18                       |   1|   0|    1|          0|
    |ap_enable_reg_pp0_iter19                       |   1|   0|    1|          0|
    |ap_enable_reg_pp0_iter2                        |   1|   0|    1|          0|
    |ap_enable_reg_pp0_iter20                       |   1|   0|    1|          0|
    |ap_enable_reg_pp0_iter21                       |   1|   0|    1|          0|
    |ap_enable_reg_pp0_iter22                       |   1|   0|    1|          0|
    |ap_enable_reg_pp0_iter23                       |   1|   0|    1|          0|
    |ap_enable_reg_pp0_iter24                       |   1|   0|    1|          0|
    |ap_enable_reg_pp0_iter25                       |   1|   0|    1|          0|
    |ap_enable_reg_pp0_iter26                       |   1|   0|    1|          0|
    |ap_enable_reg_pp0_iter27                       |   1|   0|    1|          0|
    |ap_enable_reg_pp0_iter28                       |   1|   0|    1|          0|
    |ap_enable_reg_pp0_iter29                       |   1|   0|    1|          0|
    |ap_enable_reg_pp0_iter3                        |   1|   0|    1|          0|
    |ap_enable_reg_pp0_iter30                       |   1|   0|    1|          0|
    |ap_enable_reg_pp0_iter31                       |   1|   0|    1|          0|
    |ap_enable_reg_pp0_iter4                        |   1|   0|    1|          0|
    |ap_enable_reg_pp0_iter5                        |   1|   0|    1|          0|
    |ap_enable_reg_pp0_iter6                        |   1|   0|    1|          0|
    |ap_enable_reg_pp0_iter7                        |   1|   0|    1|          0|
    |ap_enable_reg_pp0_iter8                        |   1|   0|    1|          0|
    |ap_enable_reg_pp0_iter9                        |   1|   0|    1|          0|
    |ap_phi_reg_pp0_iter10_agg_result_V_0_reg_1188  |  67|   0|   67|          0|
    |ap_phi_reg_pp0_iter10_t_V_lcssa_reg_917        |   7|   0|    7|          0|
    |ap_phi_reg_pp0_iter11_agg_result_V_0_reg_1188  |  67|   0|   67|          0|
    |ap_phi_reg_pp0_iter11_t_V_lcssa_reg_917        |   7|   0|    7|          0|
    |ap_phi_reg_pp0_iter12_agg_result_V_0_reg_1188  |  67|   0|   67|          0|
    |ap_phi_reg_pp0_iter12_t_V_lcssa_reg_917        |   7|   0|    7|          0|
    |ap_phi_reg_pp0_iter13_agg_result_V_0_reg_1188  |  67|   0|   67|          0|
    |ap_phi_reg_pp0_iter13_t_V_lcssa_reg_917        |   7|   0|    7|          0|
    |ap_phi_reg_pp0_iter14_agg_result_V_0_reg_1188  |  67|   0|   67|          0|
    |ap_phi_reg_pp0_iter14_t_V_lcssa_reg_917        |   7|   0|    7|          0|
    |ap_phi_reg_pp0_iter15_agg_result_V_0_reg_1188  |  67|   0|   67|          0|
    |ap_phi_reg_pp0_iter15_t_V_lcssa_reg_917        |   7|   0|    7|          0|
    |ap_phi_reg_pp0_iter16_agg_result_V_0_reg_1188  |  67|   0|   67|          0|
    |ap_phi_reg_pp0_iter16_t_V_lcssa_reg_917        |   7|   0|    7|          0|
    |ap_phi_reg_pp0_iter17_agg_result_V_0_reg_1188  |  67|   0|   67|          0|
    |ap_phi_reg_pp0_iter17_t_V_lcssa_reg_917        |   7|   0|    7|          0|
    |ap_phi_reg_pp0_iter18_agg_result_V_0_reg_1188  |  67|   0|   67|          0|
    |ap_phi_reg_pp0_iter18_t_V_lcssa_reg_917        |   7|   0|    7|          0|
    |ap_phi_reg_pp0_iter19_agg_result_V_0_reg_1188  |  67|   0|   67|          0|
    |ap_phi_reg_pp0_iter19_t_V_lcssa_reg_917        |   7|   0|    7|          0|
    |ap_phi_reg_pp0_iter1_agg_result_V_0_reg_1188   |  67|   0|   67|          0|
    |ap_phi_reg_pp0_iter1_p_Val2_98_lcssa_reg_768   |  81|   0|   81|          0|
    |ap_phi_reg_pp0_iter1_t_V_lcssa_reg_917         |   7|   0|    7|          0|
    |ap_phi_reg_pp0_iter20_agg_result_V_0_reg_1188  |  67|   0|   67|          0|
    |ap_phi_reg_pp0_iter20_t_V_lcssa_reg_917        |   7|   0|    7|          0|
    |ap_phi_reg_pp0_iter21_agg_result_V_0_reg_1188  |  67|   0|   67|          0|
    |ap_phi_reg_pp0_iter21_t_V_lcssa_reg_917        |   7|   0|    7|          0|
    |ap_phi_reg_pp0_iter22_agg_result_V_0_reg_1188  |  67|   0|   67|          0|
    |ap_phi_reg_pp0_iter22_t_V_lcssa_reg_917        |   7|   0|    7|          0|
    |ap_phi_reg_pp0_iter23_agg_result_V_0_reg_1188  |  67|   0|   67|          0|
    |ap_phi_reg_pp0_iter23_t_V_lcssa_reg_917        |   7|   0|    7|          0|
    |ap_phi_reg_pp0_iter24_agg_result_V_0_reg_1188  |  67|   0|   67|          0|
    |ap_phi_reg_pp0_iter24_t_V_lcssa_reg_917        |   7|   0|    7|          0|
    |ap_phi_reg_pp0_iter25_agg_result_V_0_reg_1188  |  67|   0|   67|          0|
    |ap_phi_reg_pp0_iter25_t_V_lcssa_reg_917        |   7|   0|    7|          0|
    |ap_phi_reg_pp0_iter26_agg_result_V_0_reg_1188  |  67|   0|   67|          0|
    |ap_phi_reg_pp0_iter27_agg_result_V_0_reg_1188  |  67|   0|   67|          0|
    |ap_phi_reg_pp0_iter28_agg_result_V_0_reg_1188  |  67|   0|   67|          0|
    |ap_phi_reg_pp0_iter29_agg_result_V_0_reg_1188  |  67|   0|   67|          0|
    |ap_phi_reg_pp0_iter2_agg_result_V_0_reg_1188   |  67|   0|   67|          0|
    |ap_phi_reg_pp0_iter2_t_V_lcssa_reg_917         |   7|   0|    7|          0|
    |ap_phi_reg_pp0_iter30_agg_result_V_0_reg_1188  |  67|   0|   67|          0|
    |ap_phi_reg_pp0_iter31_agg_result_V_0_reg_1188  |  67|   0|   67|          0|
    |ap_phi_reg_pp0_iter3_agg_result_V_0_reg_1188   |  67|   0|   67|          0|
    |ap_phi_reg_pp0_iter3_t_V_lcssa_reg_917         |   7|   0|    7|          0|
    |ap_phi_reg_pp0_iter4_agg_result_V_0_reg_1188   |  67|   0|   67|          0|
    |ap_phi_reg_pp0_iter4_t_V_lcssa_reg_917         |   7|   0|    7|          0|
    |ap_phi_reg_pp0_iter5_agg_result_V_0_reg_1188   |  67|   0|   67|          0|
    |ap_phi_reg_pp0_iter5_t_V_lcssa_reg_917         |   7|   0|    7|          0|
    |ap_phi_reg_pp0_iter6_agg_result_V_0_reg_1188   |  67|   0|   67|          0|
    |ap_phi_reg_pp0_iter6_t_V_lcssa_reg_917         |   7|   0|    7|          0|
    |ap_phi_reg_pp0_iter7_agg_result_V_0_reg_1188   |  67|   0|   67|          0|
    |ap_phi_reg_pp0_iter7_t_V_lcssa_reg_917         |   7|   0|    7|          0|
    |ap_phi_reg_pp0_iter8_agg_result_V_0_reg_1188   |  67|   0|   67|          0|
    |ap_phi_reg_pp0_iter8_t_V_lcssa_reg_917         |   7|   0|    7|          0|
    |ap_phi_reg_pp0_iter9_agg_result_V_0_reg_1188   |  67|   0|   67|          0|
    |ap_phi_reg_pp0_iter9_t_V_lcssa_reg_917         |   7|   0|    7|          0|
    |b_frac_tilde_inverse_V_reg_5689                |   6|   0|    6|          0|
    |icmp_ln1497_reg_5134                           |   1|   0|    1|          0|
    |log_base_V_reg_5904                            |  74|   0|   74|          0|
    |lshr_ln_reg_5894                               |  47|   0|   47|          0|
    |p_Result_17_reg_5909                           |   1|   0|    1|          0|
    |p_Val2_29_reg_5743                             |  60|   0|   60|          0|
    |p_Val2_37_reg_5795                             |  55|   0|   55|          0|
    |p_Val2_46_reg_5832                             |  50|   0|   50|          0|
    |p_Val2_98_lcssa_reg_768                        |  81|   0|   81|          0|
    |p_Val2_98_lcssa_reg_768_pp0_iter2_reg          |  81|   0|   81|          0|
    |r_V_34_reg_5704                                |  87|   0|   87|          0|
    |r_V_35_reg_5738                                |  72|   0|   72|          0|
    |r_V_36_reg_5790                                |  66|   0|   66|          0|
    |r_V_37_reg_5827                                |  61|   0|   61|          0|
    |r_V_38_reg_5864                                |  56|   0|   56|          0|
    |ret_V_3_reg_5765                               |  69|   0|   69|          0|
    |ret_V_5_reg_5812                               |  74|   0|   74|          0|
    |ret_V_reg_5723                                 |  74|   0|   74|          0|
    |tmp_39_reg_5755                                |  54|   0|   54|          0|
    |tmp_40_reg_5807                                |  49|   0|   49|          0|
    |tmp_41_reg_5844                                |  44|   0|   44|          0|
    |tmp_42_reg_5869                                |  45|   0|   45|          0|
    |tmp_42_reg_5869_pp0_iter29_reg                 |  45|   0|   45|          0|
    |tmp_43_reg_5899                                |  67|   0|   67|          0|
    |trunc_ln_reg_5874                              |  24|   0|   24|          0|
    |z1_V_reg_5711                                  |  68|   0|   68|          0|
    |zext_ln544_reg_5679                            |   6|   0|   64|         58|
    |a_V_2_reg_5801                                 |  64|  32|    6|          0|
    |a_V_3_reg_5838                                 |  64|  32|    6|          0|
    |a_V_reg_5717                                   |  64|  32|    4|          0|
    |add_ln703_28_reg_5785                          |   4|   2|   67|          0|
    |icmp_ln1497_reg_5134                           |  64|  32|    1|          0|
    |p_Val2_46_reg_5832                             |   2|   1|   50|          0|
    |ret_V_3_reg_5765                               |   2|   1|   69|          0|
    |ret_V_5_reg_5812                               |   2|   1|   74|          0|
    |ret_V_reg_5723                                 |   2|   1|   74|          0|
    |tmp_41_reg_5844                                |   2|   1|   44|          0|
    |zext_ln544_reg_5679                            |  64|  32|   64|         58|
    +-----------------------------------------------+----+----+-----+-----------+
    |Total                                          |4205| 167| 4388|        116|
    +-----------------------------------------------+----+----+-----+-----------+



================================================================
== Interface
================================================================
* Summary: 
+-------------------+-----+-----+------------+--------------+--------------+
|     RTL Ports     | Dir | Bits|  Protocol  | Source Object|    C Type    |
+-------------------+-----+-----+------------+--------------+--------------+
|ap_clk             |  in |    1| ap_ctrl_hs |  log<67, 17> | return value |
|ap_rst             |  in |    1| ap_ctrl_hs |  log<67, 17> | return value |
|ap_start           |  in |    1| ap_ctrl_hs |  log<67, 17> | return value |
|ap_done            | out |    1| ap_ctrl_hs |  log<67, 17> | return value |
|ap_idle            | out |    1| ap_ctrl_hs |  log<67, 17> | return value |
|ap_ready           | out |    1| ap_ctrl_hs |  log<67, 17> | return value |
|ap_return          | out |   67| ap_ctrl_hs |  log<67, 17> | return value |
|ap_ext_blocking_n  | out |    1| ap_ctrl_hs |  log<67, 17> | return value |
|ap_str_blocking_n  | out |    1| ap_ctrl_hs |  log<67, 17> | return value |
|ap_int_blocking_n  | out |    1| ap_ctrl_hs |  log<67, 17> | return value |
|x_V                |  in |   67|   ap_none  |      x_V     |    scalar    |
+-------------------+-----+-----+------------+--------------+--------------+

